
> dsm-operations-hub@0.0.0 test
> vitest run


[7m[1m[36m RUN [39m[22m[27m [36mv1.6.0[39m [90mC:/New PYTHON/DSM_Operations_Hub[39m

 [32mΓ£ô[39m src/store/useStore.test.js [2m ([22m[2m4 tests[22m[2m)[22m[90m 12[2mms[22m[39m

[2m Test Files [22m [1m[32m1 passed[39m[22m[90m (1)[39m
[2m      Tests [22m [1m[32m4 passed[39m[22m[90m (4)[39m
[2m   Start at [22m 15:06:44
[2m   Duration [22m 1.35s[2m (transform 97ms, setup 0ms, collect 387ms, tests 12ms, environment 0ms, prepare 385ms)[22m

